<testsuite errors="0" failures="0" name="Django Project Tests" skips="0" tests="9" time="1.004"><testcase classname="home.tests.SimpleTest" name="test_basic_addition" time="0.000021" /><testcase classname="usuarios.tests.test_configuracion.UsuariosFormTest" name="test_email" time="0.126695" /><testcase classname="usuarios.tests.test_configuracion.UsuariosFormTest" name="test_ok" time="0.123053"><system-out>
</system-out></testcase><testcase classname="usuarios.tests.test_configuracion.UsuariosFormTest" name="test_passwords" time="0.246814" /><testcase classname="usuarios.tests.test_configuracion.UsuariosFormTest" name="test_user" time="0.124050" /><testcase classname="usuarios.tests.test_registro.UsuariosRegistroTest" name="test_email" time="0.002194" /><testcase classname="usuarios.tests.test_registro.UsuariosRegistroTest" name="test_ok" time="0.002619" /><testcase classname="usuarios.tests.test_registro.UsuariosRegistroTest" name="test_password" time="0.002240" /><testcase classname="usuarios.tests.test_registro.UsuariosRegistroTest" name="test_usuario" time="0.002151" /></testsuite>